**Description**
The script.py engine reads the output of a script, but throws a deserialization error after successfully deserializing the intended output of the script.

**Setup**

> rand.py

```
import random, json

d = {
    "tag": "random/num",
    "data": {
        "name": "leb",
        "num": random.randint(0, 100)
        }
}

print(json.dumps(d))
```

> Additional minion config

```
engines:
    - script:
        cmd: python <path to rand.py>
        output: json
        interval: 1
```

Please be as specific as possible and give set-up details.

- [ ] on-prem machine
- [x] VM (VMware Workstation 16 Player - Ubuntu 20.04)
- [ ] VM running on a cloud service, please be explicit and add details
- [ ] container (Kubernetes, Docker, containerd, etc. please specify)
- [ ] or a combination, please be explicit
- [ ] jails if it is FreeBSD

  
**Steps to Reproduce the behavior**
Just run a master and minion (with the additional config above) and the engine should start automatically.  You should see a stack trace similar to the following in the minion logs.

```
Traceback (most recent call last):
  File "/home/leb/dev/salt/salt/serializers/json.py", line 40, in deserialize
    return salt.utils.json.loads(stream_or_string, _json_module=_json)
  File "/home/leb/dev/salt/salt/utils/json.py", line 89, in loads
    return json_module.loads(s, **kwargs)
  File "/usr/lib/python3/dist-packages/simplejson/__init__.py", line 518, in loads
    return _default_decoder.decode(s)
  File "/usr/lib/python3/dist-packages/simplejson/decoder.py", line 370, in decode
    obj, end = self.raw_decode(s)
  File "/usr/lib/python3/dist-packages/simplejson/decoder.py", line 400, in raw_decode
    return self.scan_once(s, idx=_w(s, idx).end())
simplejson.errors.JSONDecodeError: Expecting value: line 1 column 1 (char 0)

During handling of the above exception, another exception occurred:

Traceback (most recent call last):
  File "/home/leb/dev/salt/salt/engines/__init__.py", line 106, in run
    self.engine[self.fun](**kwargs)
  File "/home/leb/dev/salt/salt/loader/lazy.py", line 149, in __call__
    return self.loader.run(run_func, *args, **kwargs)
  File "/home/leb/dev/salt/salt/loader/lazy.py", line 1201, in run
    return self._last_context.run(self._run_as, _func_or_method, *args, **kwargs)
  File "/home/leb/dev/salt/salt/loader/lazy.py", line 1216, in _run_as
    return _func_or_method(*args, **kwargs)
  File "/home/leb/dev/salt/salt/engines/script.py", line 111, in start
    event = serializer.deserialize(raw_event)
  File "/home/leb/dev/salt/salt/loader/lazy.py", line 149, in __call__
    return self.loader.run(run_func, *args, **kwargs)
  File "/home/leb/dev/salt/salt/loader/lazy.py", line 1201, in run
    return self._last_context.run(self._run_as, _func_or_method, *args, **kwargs)
  File "/home/leb/dev/salt/salt/loader/lazy.py", line 1216, in _run_as
    return _func_or_method(*args, **kwargs)
  File "/home/leb/dev/salt/salt/serializers/json.py", line 42, in deserialize
    raise DeserializationError(error)
salt.serializers.DeserializationError: Expecting value: line 1 column 1 (char 0)
```

**Expected behavior**
No error is thrown, deserialization ends gracefully.

**Versions Report**
<details><summary>salt --versions-report</summary>
(Provided by running salt --versions-report. Please also mention any differences in master/minion versions.) 

```
Salt Version:
          Salt: 3003rc1+1114.gecd5dff734

Dependency Versions:
          cffi: 1.14.6
      cherrypy: unknown
      dateutil: 2.8.1
     docker-py: Not Installed
         gitdb: 4.0.7
     gitpython: 3.1.18
        Jinja2: 2.10.1
       libgit2: Not Installed
      M2Crypto: Not Installed
          Mako: 1.1.4
       msgpack: 0.6.2
  msgpack-pure: Not Installed
  mysql-python: Not Installed
     pycparser: 2.20
      pycrypto: Not Installed
  pycryptodome: 3.10.1
        pygit2: Not Installed
        Python: 3.8.8 (tags/v3.8.8:024d805, Feb 19 2021, 13:18:16) [MSC v.1928 64 bit (AMD64)]
  python-gnupg: 0.4.7
        PyYAML: 5.4.1
         PyZMQ: 19.0.0
         smmap: 4.0.0
       timelib: 0.2.4
       Tornado: 4.5.3
           ZMQ: 4.3.2

System Versions:
          dist: msys_nt-10.0-19043 3.1.7
        locale: cp1252
       machine: AMD64
       release: 10
        system: Windows
       version: 10 10.0.19041 SP0 Multiprocessor Free
```
</details>

**Additional context**
Bug originally found on a windows machine, but reproduced on ubuntu VM.